============================= test session starts =============================
platform win32 -- Python 3.11.9, pytest-7.4.4, pluggy-1.6.0 -- D:\Medgemma\pharma-safe-lens\venv\Scripts\python.exe
cachedir: .pytest_cache
rootdir: D:\Medgemma\pharma-safe-lens
plugins: anyio-4.12.1, asyncio-0.23.3
asyncio: mode=Mode.STRICT
collecting ... collected 4 items

backend/tests/test_prompts.py::TestPromptTemplates::test_format_explanation_prompt_structure PASSED [ 25%]
backend/tests/test_prompts.py::TestPromptTemplates::test_format_explanation_prompt_missing_data PASSED [ 50%]
backend/tests/test_prompts.py::TestPromptTemplates::test_safety_disclaimer_presence FAILED [ 75%]
backend/tests/test_prompts.py::TestPromptTemplates::test_translation_prompt_structure PASSED [100%]

================================== FAILURES ===================================
_____________ TestPromptTemplates.test_safety_disclaimer_presence _____________

self = <tests.test_prompts.TestPromptTemplates object at 0x0000017F5D64FE10>

    def test_safety_disclaimer_presence(self):
        """Ensure the safety disclaimer is accessible."""
        disclaimer = PromptTemplates.get_safety_disclaimer()
>       assert "informational tool only" in disclaimer.lower()
E       AssertionError: assert 'informational tool only' in '\\n\\n\u26a0\ufe0f **important**: this information is for educational purposes only and does not constitute medical advice. always consult your doctor or pharmacist before changing your medication regimen.'
E        +  where '\\n\\n\u26a0\ufe0f **important**: this information is for educational purposes only and does not constitute medical advice. always consult your doctor or pharmacist before changing your medication regimen.' = <built-in method lower of str object at 0x0000017F5D4B72F0>()
E        +    where <built-in method lower of str object at 0x0000017F5D4B72F0> = '\\n\\n\u26a0\ufe0f **IMPORTANT**: This information is for educational purposes only and does not constitute medical advice. Always consult your doctor or pharmacist before changing your medication regimen.'.lower

backend\tests\test_prompts.py:49: AssertionError
=========================== short test summary info ===========================
FAILED backend/tests/test_prompts.py::TestPromptTemplates::test_safety_disclaimer_presence
========================= 1 failed, 3 passed in 0.15s =========================
